codegen: wrote 'test.fc'
